// Jest Snapshot v1, https://goo.gl/fbAQLP

exports[`renders search bar 1`] = `
<div
  className="search-container"
>
  <Search
    allowClear={true}
    enterButton={true}
    onSearch={[MockFunction]}
    placeholder="Ache o seu personagem..."
  />
</div>
`;
